main.c:24:5:main	8	static
main.c:48:6:SystemClockConfig	88	static
main.c:139:6:Usart2_Init	8	static
main.c:154:6:ErrorHandler	4	static
main.c:159:6:CAN1_Init	8	static
main.c:182:6:CAN1_FilterConfig	48	static
main.c:202:6:CAN1_Tx	48	static
main.c:219:6:CAN1_Rx	96	static
main.c:234:6:HAL_CAN_TxMailbox0CompleteCallback	80	static
main.c:242:6:HAL_CAN_TxMailbox1CompleteCallback	80	static
main.c:250:6:HAL_CAN_TxMailbox2CompleteCallback	80	static
main.c:258:6:HAL_CAN_RxFifo0MsgPendingCallback	104	static
main.c:273:6:HAL_CAN_ErrorCallback	80	static
