main.c:32:5:main	8	static
main.c:58:6:SystemClockConfig	88	static
main.c:149:6:Usart2_Init	8	static
main.c:164:6:ErrorHandler	4	static
main.c:169:6:CAN1_Init	8	static
main.c:192:6:CAN1_FilterConfig	48	static
main.c:212:6:CAN1_Tx	40	static
main.c:238:6:CAN1_Rx	96	static
main.c:253:6:TIM6_Init	8	static
main.c:265:6:GPIO_Init	40	static
main.c:296:6:LED_ManageOutput	16	static
main.c:331:6:SendResponse	48	static
main.c:348:6:HAL_CAN_TxMailbox0CompleteCallback	80	static
main.c:356:6:HAL_CAN_TxMailbox1CompleteCallback	80	static
main.c:364:6:HAL_CAN_TxMailbox2CompleteCallback	80	static
main.c:372:6:HAL_CAN_RxFifo0MsgPendingCallback	80	static
main.c:403:6:HAL_CAN_ErrorCallback	80	static
main.c:411:6:HAL_TIM_PeriodElapsedCallback	48	static
